Items List for Wolfbane
Potion
VitalStar
X-Potion
Senzu
DustyWing
Tonic
GoldOrb

Stop_Watch
Hour_Glass
Holy_water
Red_Fang
Thunder_Orb
Fire_Flower
Ice_Coin

Pizza
PotRoast
Ramen
Cavier
BisonDollar
DragonMeat
Supermushroom
FireDragonWine
Ambrosia
FoieGras
KnowledgeSource
SoulPainting
FishAndChips
Slurm
CerberusMeat
SilverApple
DefenseSource
PowerSource
Herring
TurkeyLeg

Present

Shihei
Sokbaku
DarkMagicianCard
BusterBladerCard
BlueEyesCard
FishOilBroth
ElvishMedallian
AlexanderMateria
BahamutMateria
BahamutZeroMateria
CarbuncleMateria
SolomonRing
LuckyBroth
FenrirMateria
GarudaMateria
IfritMateria
LeviathanMateria
RamuhMateria
ShivaMateria
TitanMateria

Zircon
Topaz
Emerald
Ruby
Diamond
Sapphire
Opal
Onyx

SuperPotion
Ether
Dynamite
HolyHandGrenade
Angon
SauceAmpulla
Paper

Ink
AshLog
Hatchet
IronOre
Ectoplasm
BrokenLance
SilverChain
FireGem
IceStone
WindRock
WaterJewel
EarthSphere
Glass

EthRune
MtlRune
HiRune
GeRune
MaRune
TeRune
MeRune
SmnRune
DrnRune
ItmRune
RenRune

ACCESSORIES
Wizard's-Amulet
Blessed-Ankh
Blood-Ring
Blood-Pendant
Purple-Belt
Brown-Belt
Black-Belt
Miser-Ring
Thief-Ring
Fool's-Tablet
Ribbon
Aztec-Goldcoin
Lucky-Rabbit'sFoot
VIP-MemberCard
Spear-Pin
Mugger's-Belt
Prism-Specs


KEYS
BlueKey
BrownKey
RedKey
OrangeKey
GreenKey
GoldKey
BrownKey
BlueKey
RedKey
SilverKey
